// Jest Snapshot v1, https://goo.gl/fbAQLP

exports[`This suit is to test the RemoveModal component Sanpshot of RemoveModal 1`] = `<DocumentFragment />`;
